[0m15:01:30.971641 [debug] [MainThread]: Sending event: {'category': 'dbt', 'action': 'invocation', 'label': 'start', 'context': [<snowplow_tracker.self_describing_json.SelfDescribingJson object at 0x0000029B05E0B800>, <snowplow_tracker.self_describing_json.SelfDescribingJson object at 0x0000029B05E0BDA0>, <snowplow_tracker.self_describing_json.SelfDescribingJson object at 0x0000029B05CB2E70>]}


============================== 15:01:31.041439 | cffadf59-7bbe-4812-bd28-87e1210a03c9 ==============================
[0m15:01:31.041439 [info ] [MainThread]: Running with dbt=1.11.8
[0m15:01:31.041439 [debug] [MainThread]: running dbt with arguments {'static_parser': 'True', 'no_print': 'None', 'version_check': 'True', 'target_path': 'None', 'warn_error_options': 'WarnErrorOptionsV2(error=[], warn=[], silence=[])', 'printer_width': '80', 'write_json': 'True', 'introspect': 'True', 'log_cache_events': 'False', 'empty': 'None', 'cache_selected_only': 'False', 'log_format': 'default', 'debug': 'False', 'fail_fast': 'False', 'profiles_dir': 'C:\\Users\\IIsra\\.dbt', 'send_anonymous_usage_stats': 'True', 'quiet': 'False', 'warn_error': 'None', 'partial_parse': 'True', 'invocation_command': 'dbt init car_rental_dbt', 'indirect_selection': 'eager', 'use_colors': 'True', 'use_experimental_parser': 'False', 'log_path': 'logs'}
[0m15:01:31.604919 [debug] [MainThread]: Starter project path: C:\Users\IIsra\anaconda3\Lib\site-packages\dbt\include\starter_project
[0m15:01:31.678956 [info ] [MainThread]: 
Your new dbt project "car_rental_dbt" was created!

For more information on how to configure the profiles.yml file,
please consult the dbt documentation here:

  https://docs.getdbt.com/docs/configure-your-profile

One more thing:

Need help? Don't hesitate to reach out to us via GitHub issues or on Slack:

  https://community.getdbt.com/

Happy modeling!

[0m15:01:31.686156 [info ] [MainThread]: Setting up your profile.
[0m15:05:24.303732 [error] [MainThread]: Encountered an error:

[0m15:05:24.319367 [error] [MainThread]: Traceback (most recent call last):
  File "C:\Users\IIsra\anaconda3\Lib\site-packages\dbt\cli\requires.py", line 182, in wrapper
    result, success = func(*args, **kwargs)
                      ^^^^^^^^^^^^^^^^^^^^^
  File "C:\Users\IIsra\anaconda3\Lib\site-packages\dbt\cli\requires.py", line 128, in wrapper
    return func(*args, **kwargs)
           ^^^^^^^^^^^^^^^^^^^^^
  File "C:\Users\IIsra\anaconda3\Lib\site-packages\dbt\cli\main.py", line 488, in init
    results = task.run()
              ^^^^^^^^^^
  File "C:\Users\IIsra\anaconda3\Lib\site-packages\dbt\task\init.py", line 346, in run
    self.setup_profile(profile_name)
  File "C:\Users\IIsra\anaconda3\Lib\site-packages\dbt\task\init.py", line 262, in setup_profile
    self.create_profile_from_target(adapter, profile_name=profile_name)
  File "C:\Users\IIsra\anaconda3\Lib\site-packages\dbt\task\init.py", line 179, in create_profile_from_target
    self.create_profile_from_profile_template(profile_template, profile_name)
  File "C:\Users\IIsra\anaconda3\Lib\site-packages\dbt\task\init.py", line 163, in create_profile_from_profile_template
    target = self.generate_target_from_input(prompts, initial_target)
             ^^^^^^^^^^^^^^^^^^^^^^^^^^^^^^^^^^^^^^^^^^^^^^^^^^^^^^^^
  File "C:\Users\IIsra\anaconda3\Lib\site-packages\dbt\task\init.py", line 129, in generate_target_from_input
    target[key] = click.prompt(
                  ^^^^^^^^^^^^^
  File "C:\Users\IIsra\anaconda3\Lib\site-packages\click\termui.py", line 179, in prompt
    value = prompt_func(prompt)
            ^^^^^^^^^^^^^^^^^^^
  File "C:\Users\IIsra\anaconda3\Lib\site-packages\click\termui.py", line 162, in prompt_func
    raise Abort() from None
click.exceptions.Abort

[0m15:05:24.330078 [debug] [MainThread]: Command `dbt init` failed at 15:05:24.327527 after 234.13 seconds
[0m15:05:24.331321 [debug] [MainThread]: Sending event: {'category': 'dbt', 'action': 'invocation', 'label': 'end', 'context': [<snowplow_tracker.self_describing_json.SelfDescribingJson object at 0x0000029B05E0B800>, <snowplow_tracker.self_describing_json.SelfDescribingJson object at 0x0000029B07576C30>, <snowplow_tracker.self_describing_json.SelfDescribingJson object at 0x0000029B075E9A30>]}
[0m15:05:24.335366 [debug] [MainThread]: Flushing usage events
[0m15:05:26.148288 [debug] [MainThread]: An error was encountered while trying to flush usage events
[0m15:05:59.714751 [debug] [MainThread]: Sending event: {'category': 'dbt', 'action': 'invocation', 'label': 'start', 'context': [<snowplow_tracker.self_describing_json.SelfDescribingJson object at 0x0000015E7C0F47D0>, <snowplow_tracker.self_describing_json.SelfDescribingJson object at 0x0000015E7C0F5100>, <snowplow_tracker.self_describing_json.SelfDescribingJson object at 0x0000015E7C0F4710>]}


============================== 15:05:59.738446 | ae6a822e-0ef0-40ee-9ca3-cfca79366a0c ==============================
[0m15:05:59.738446 [info ] [MainThread]: Running with dbt=1.11.8
[0m15:05:59.740465 [debug] [MainThread]: running dbt with arguments {'static_parser': 'True', 'no_print': 'None', 'version_check': 'True', 'warn_error_options': 'WarnErrorOptionsV2(error=[], warn=[], silence=[])', 'target_path': 'None', 'printer_width': '80', 'write_json': 'True', 'empty': 'None', 'log_cache_events': 'False', 'introspect': 'True', 'cache_selected_only': 'False', 'fail_fast': 'False', 'debug': 'False', 'log_format': 'default', 'partial_parse': 'True', 'send_anonymous_usage_stats': 'True', 'quiet': 'False', 'warn_error': 'None', 'profiles_dir': 'C:\\Users\\IIsra\\.dbt', 'invocation_command': 'dbt init car_rental-dbt', 'use_colors': 'True', 'indirect_selection': 'eager', 'use_experimental_parser': 'False', 'log_path': 'logs'}
[0m15:06:22.704862 [info ] [MainThread]: A project called car_rental_dbt already exists here.
[0m15:06:22.710931 [debug] [MainThread]: Command `dbt init` succeeded at 15:06:22.710931 after 23.70 seconds
[0m15:06:22.714914 [debug] [MainThread]: Sending event: {'category': 'dbt', 'action': 'invocation', 'label': 'end', 'context': [<snowplow_tracker.self_describing_json.SelfDescribingJson object at 0x0000015E7A5F11C0>, <snowplow_tracker.self_describing_json.SelfDescribingJson object at 0x0000015E79E5DC40>, <snowplow_tracker.self_describing_json.SelfDescribingJson object at 0x0000015E79E5E000>]}
[0m15:06:22.714914 [debug] [MainThread]: Flushing usage events
[0m15:06:24.322126 [debug] [MainThread]: An error was encountered while trying to flush usage events
[0m15:07:52.454927 [debug] [MainThread]: Sending event: {'category': 'dbt', 'action': 'invocation', 'label': 'start', 'context': [<snowplow_tracker.self_describing_json.SelfDescribingJson object at 0x0000018A311CD310>, <snowplow_tracker.self_describing_json.SelfDescribingJson object at 0x0000018A2DCF48C0>, <snowplow_tracker.self_describing_json.SelfDescribingJson object at 0x0000018A30889F70>]}


============================== 15:07:52.472979 | d6159953-c3af-42f0-b272-fb723afa5f0f ==============================
[0m15:07:52.472979 [info ] [MainThread]: Running with dbt=1.11.8
[0m15:07:52.476308 [debug] [MainThread]: running dbt with arguments {'version_check': 'True', 'no_print': 'None', 'static_parser': 'True', 'target_path': 'None', 'warn_error_options': 'WarnErrorOptionsV2(error=[], warn=[], silence=[])', 'printer_width': '80', 'write_json': 'True', 'empty': 'None', 'log_cache_events': 'False', 'introspect': 'True', 'cache_selected_only': 'False', 'log_format': 'default', 'debug': 'False', 'fail_fast': 'False', 'profiles_dir': 'C:\\Users\\IIsra\\.dbt', 'send_anonymous_usage_stats': 'True', 'quiet': 'False', 'warn_error': 'None', 'partial_parse': 'True', 'use_colors': 'True', 'indirect_selection': 'eager', 'invocation_command': 'dbt init car_rental_dbt', 'use_experimental_parser': 'False', 'log_path': 'logs'}
[0m15:07:52.547965 [info ] [MainThread]: A project called car_rental_dbt already exists here.
[0m15:07:52.550452 [debug] [MainThread]: Command `dbt init` succeeded at 15:07:52.550452 after 0.70 seconds
[0m15:07:52.553736 [debug] [MainThread]: Sending event: {'category': 'dbt', 'action': 'invocation', 'label': 'end', 'context': [<snowplow_tracker.self_describing_json.SelfDescribingJson object at 0x0000018A323DB290>, <snowplow_tracker.self_describing_json.SelfDescribingJson object at 0x0000018A31211AF0>, <snowplow_tracker.self_describing_json.SelfDescribingJson object at 0x0000018A31213D70>]}
[0m15:07:52.553736 [debug] [MainThread]: Flushing usage events
[0m15:07:54.420686 [debug] [MainThread]: An error was encountered while trying to flush usage events
[0m11:15:20.026000 [debug] [MainThread]: Sending event: {'category': 'dbt', 'action': 'invocation', 'label': 'start', 'context': [<snowplow_tracker.self_describing_json.SelfDescribingJson object at 0x00000262C642B0E0>, <snowplow_tracker.self_describing_json.SelfDescribingJson object at 0x00000262C76D7ED0>, <snowplow_tracker.self_describing_json.SelfDescribingJson object at 0x00000262C76D79D0>]}


============================== 11:15:20.031652 | 848e6961-0114-4eae-9952-e7cf9bc78d3a ==============================
[0m11:15:20.031652 [info ] [MainThread]: Running with dbt=1.12.0-b1
[0m11:15:20.032708 [debug] [MainThread]: running dbt with arguments {'version_check': 'True', 'no_print': 'None', 'static_parser': 'True', 'warn_error_options': 'WarnErrorOptionsV2(error=[], warn=[], silence=[])', 'target_path': 'None', 'printer_width': '80', 'write_json': 'True', 'introspect': 'True', 'log_cache_events': 'False', 'empty': 'None', 'cache_selected_only': 'False', 'log_format': 'default', 'debug': 'False', 'fail_fast': 'False', 'partial_parse': 'True', 'send_anonymous_usage_stats': 'True', 'quiet': 'False', 'warn_error': 'None', 'profiles_dir': 'C:\\Users\\IIsra\\.dbt', 'indirect_selection': 'eager', 'use_colors': 'True', 'invocation_command': 'dbt debug', 'use_experimental_parser': 'False', 'log_path': 'logs'}
[0m11:15:20.072145 [info ] [MainThread]: dbt version: 1.12.0-b1
[0m11:15:20.072973 [info ] [MainThread]: python version: 3.13.13
[0m11:15:20.074087 [info ] [MainThread]: python path: C:\Users\IIsra\AppData\Local\Programs\Python\Python313\python.exe
[0m11:15:20.075359 [info ] [MainThread]: os info: Windows-11-10.0.26200-SP0
[0m11:15:27.909471 [info ] [MainThread]: Using profiles dir at C:\Users\IIsra\.dbt
[0m11:15:27.911166 [info ] [MainThread]: Using profiles.yml file at C:\Users\IIsra\.dbt\profiles.yml
[0m11:15:27.912527 [info ] [MainThread]: Using dbt_project.yml file at C:\Users\IIsra\car-rental-data-platform\dbt_project.yml
[0m11:15:27.914071 [error] [MainThread]: [[31mERROR[0m]: Encountered an error:
Internal Error
  Profile should not be None if loading profile completed
[0m11:15:27.917216 [debug] [MainThread]: Command `dbt debug` failed at 11:15:27.916747 after 8.30 seconds
[0m11:15:27.918451 [debug] [MainThread]: Sending event: {'category': 'dbt', 'action': 'invocation', 'label': 'end', 'context': [<snowplow_tracker.self_describing_json.SelfDescribingJson object at 0x00000262D91F0B00>, <snowplow_tracker.self_describing_json.SelfDescribingJson object at 0x00000262D91EE7B0>, <snowplow_tracker.self_describing_json.SelfDescribingJson object at 0x00000262D80BEBE0>]}
[0m11:15:27.920009 [debug] [MainThread]: Flushing usage events
[0m11:15:28.582175 [debug] [MainThread]: An error was encountered while trying to flush usage events
[0m20:20:35.250978 [debug] [MainThread]: Sending event: {'category': 'dbt', 'action': 'invocation', 'label': 'start', 'context': [<snowplow_tracker.self_describing_json.SelfDescribingJson object at 0x00000218539AAE40>, <snowplow_tracker.self_describing_json.SelfDescribingJson object at 0x000002185068D6D0>, <snowplow_tracker.self_describing_json.SelfDescribingJson object at 0x0000021855A7FB10>]}


============================== 20:20:35.271260 | 4a67c76a-b882-4e23-9bd0-e9c9a286ce8c ==============================
[0m20:20:35.271260 [info ] [MainThread]: Running with dbt=1.12.0-b1
[0m20:20:35.272903 [debug] [MainThread]: running dbt with arguments {'static_parser': 'True', 'no_print': 'None', 'version_check': 'True', 'target_path': 'None', 'warn_error_options': 'WarnErrorOptionsV2(error=[], warn=[], silence=[])', 'printer_width': '80', 'write_json': 'True', 'empty': 'False', 'log_cache_events': 'False', 'introspect': 'True', 'cache_selected_only': 'False', 'fail_fast': 'False', 'debug': 'False', 'log_format': 'default', 'profiles_dir': 'C:\\Users\\IIsra\\.dbt', 'send_anonymous_usage_stats': 'True', 'quiet': 'False', 'warn_error': 'None', 'partial_parse': 'True', 'use_colors': 'True', 'invocation_command': 'dbt run', 'indirect_selection': 'eager', 'use_experimental_parser': 'False', 'log_path': 'logs'}
[0m20:20:35.273840 [error] [MainThread]: [[31mERROR[0m]: Encountered an error:
Runtime Error
  No dbt_project.yml found at expected path C:\Users\IIsra\car-rental-data-platform\dbt_project.yml
  Verify that each entry within packages.yml (and their transitive dependencies) contains a file named dbt_project.yml
  
[0m20:20:35.275183 [debug] [MainThread]: Command `dbt run` failed at 20:20:35.274955 after 0.55 seconds
[0m20:20:35.275668 [debug] [MainThread]: Sending event: {'category': 'dbt', 'action': 'invocation', 'label': 'end', 'context': [<snowplow_tracker.self_describing_json.SelfDescribingJson object at 0x0000021855A92780>, <snowplow_tracker.self_describing_json.SelfDescribingJson object at 0x0000021854A8B1D0>, <snowplow_tracker.self_describing_json.SelfDescribingJson object at 0x0000021854A6EAD0>]}
[0m20:20:35.276121 [debug] [MainThread]: Flushing usage events
[0m20:20:35.716177 [debug] [MainThread]: An error was encountered while trying to flush usage events
[0m20:41:59.907520 [debug] [MainThread]: Sending event: {'category': 'dbt', 'action': 'invocation', 'label': 'start', 'context': [<snowplow_tracker.self_describing_json.SelfDescribingJson object at 0x0000021142DDAF30>, <snowplow_tracker.self_describing_json.SelfDescribingJson object at 0x00000211402C6600>, <snowplow_tracker.self_describing_json.SelfDescribingJson object at 0x00000211428B4380>]}


============================== 20:41:59.911139 | 819565e8-8bdc-4242-97af-d3c586caf251 ==============================
[0m20:41:59.911139 [info ] [MainThread]: Running with dbt=1.12.4
[0m20:41:59.912088 [debug] [MainThread]: running dbt with arguments {'static_parser': 'True', 'no_print': 'None', 'version_check': 'True', 'warn_error_options': 'WarnErrorOptionsV2(error=[], warn=[], silence=[])', 'maximum_seed_size_mib': '1', 'target_path': 'None', 'printer_width': '80', 'write_json': 'True', 'empty': 'None', 'log_cache_events': 'False', 'introspect': 'True', 'cache_selected_only': 'False', 'fail_fast': 'False', 'debug': 'False', 'log_format': 'default', 'partial_parse': 'True', 'send_anonymous_usage_stats': 'True', 'quiet': 'False', 'warn_error': 'None', 'profiles_dir': 'C:\\Users\\IIsra\\.dbt', 'invocation_command': 'dbt debug', 'hints_enabled': 'True', 'use_colors': 'True', 'use_experimental_parser': 'False', 'indirect_selection': 'eager', 'log_path': 'logs'}
[0m20:41:59.957730 [info ] [MainThread]: dbt version: 1.12.4
[0m20:41:59.957730 [info ] [MainThread]: python version: 3.12.10
[0m20:41:59.959201 [info ] [MainThread]: python path: C:\Users\IIsra\car-rental-data-platform\.venv\Scripts\python.exe
[0m20:41:59.960255 [info ] [MainThread]: os info: Windows-11-10.0.26200-SP0
[0m20:42:00.066083 [info ] [MainThread]: Using profiles dir at C:\Users\IIsra\.dbt
[0m20:42:00.066083 [info ] [MainThread]: Using profiles.yml file at C:\Users\IIsra\.dbt\profiles.yml
[0m20:42:00.066083 [info ] [MainThread]: Using dbt_project.yml file at C:\Users\IIsra\car-rental-data-platform\dbt_project.yml
[0m20:42:00.066083 [info ] [MainThread]: adapter type: postgres
[0m20:42:00.066083 [info ] [MainThread]: adapter version: 1.11.0
[0m20:42:00.066083 [info ] [MainThread]: Configuration:
[0m20:42:00.066083 [info ] [MainThread]:   profiles.yml file [[32mOK found and valid[0m]
[0m20:42:00.066083 [info ] [MainThread]:   dbt_project.yml file [[31mERROR not found[0m]
[0m20:42:00.066083 [info ] [MainThread]: Required dependencies:
[0m20:42:00.074431 [debug] [MainThread]: Executing "git --help"
[0m20:42:00.253993 [debug] [MainThread]: STDOUT: "b"usage: git [-v | --version] [-h | --help] [-C <path>] [-c <name>=<value>]\n           [--exec-path[=<path>]] [--html-path] [--man-path] [--info-path]\n           [-p | --paginate | -P | --no-pager] [--no-replace-objects] [--no-lazy-fetch]\n           [--no-optional-locks] [--no-advice] [--bare] [--git-dir=<path>]\n           [--work-tree=<path>] [--namespace=<name>] [--config-env=<name>=<envvar>]\n           <command> [<args>]\n\nThese are common Git commands used in various situations:\n\nstart a working area (see also: git help tutorial)\n   clone      Clone a repository into a new directory\n   init       Create an empty Git repository or reinitialize an existing one\n\nwork on the current change (see also: git help everyday)\n   add        Add file contents to the index\n   mv         Move or rename a file, a directory, or a symlink\n   restore    Restore working tree files\n   rm         Remove files from the working tree and from the index\n\nexamine the history and state (see also: git help revisions)\n   bisect     Use binary search to find the commit that introduced a bug\n   diff       Show changes between commits, commit and working tree, etc\n   grep       Print lines matching a pattern\n   log        Show commit logs\n   show       Show various types of objects\n   status     Show the working tree status\n\ngrow, mark and tweak your common history\n   backfill   Download missing objects in a partial clone\n   branch     List, create, or delete branches\n   commit     Record changes to the repository\n   history    EXPERIMENTAL: Rewrite history\n   merge      Join two or more development histories together\n   rebase     Reapply commits on top of another base tip\n   reset      Set `HEAD` or the index to a known state\n   switch     Switch branches\n   tag        Create, list, delete or verify tags\n\ncollaborate (see also: git help workflows)\n   fetch      Download objects and refs from another repository\n   pull       Fetch from and integrate with another repository or a local branch\n   push       Update remote refs along with associated objects\n\n'git help -a' and 'git help -g' list available subcommands and some\nconcept guides. See 'git help <command>' or 'git help <concept>'\nto read about a specific subcommand or concept.\nSee 'git help git' for an overview of the system.\n""
[0m20:42:00.255011 [debug] [MainThread]: STDERR: "b''"
[0m20:42:00.255530 [info ] [MainThread]:  - git [[32mOK found[0m]

[0m20:42:00.256044 [info ] [MainThread]: Connection:
[0m20:42:00.257058 [info ] [MainThread]:   host: localhost
[0m20:42:00.257058 [info ] [MainThread]:   port: 5432
[0m20:42:00.258060 [info ] [MainThread]:   user: postgres
[0m20:42:00.259061 [info ] [MainThread]:   database: car_rental
[0m20:42:00.260063 [info ] [MainThread]:   schema: warehouse
[0m20:42:00.261072 [info ] [MainThread]:   connect_timeout: 10
[0m20:42:00.263205 [info ] [MainThread]:   role: None
[0m20:42:00.264229 [info ] [MainThread]:   search_path: None
[0m20:42:00.265745 [info ] [MainThread]:   keepalives_idle: 0
[0m20:42:00.267757 [info ] [MainThread]:   sslmode: None
[0m20:42:00.268760 [info ] [MainThread]:   sslcert: None
[0m20:42:00.269756 [info ] [MainThread]:   sslkey: None
[0m20:42:00.270803 [info ] [MainThread]:   sslrootcert: None
[0m20:42:00.271757 [info ] [MainThread]:   application_name: dbt
[0m20:42:00.272755 [info ] [MainThread]:   autocommit: False
[0m20:42:00.273757 [info ] [MainThread]:   retries: 1
[0m20:42:00.275853 [info ] [MainThread]: Registered adapter: postgres=1.11.0
[0m20:42:00.723535 [debug] [MainThread]: Acquiring new postgres connection 'debug'
[0m20:42:00.833079 [debug] [MainThread]: Using postgres connection "debug"
[0m20:42:00.833079 [debug] [MainThread]: On debug: select 1 as id
[0m20:42:00.834359 [debug] [MainThread]: Opening a new connection, currently in state init
[0m20:42:00.935215 [debug] [MainThread]: SQL status: SELECT 1 in 0.101 seconds
[0m20:42:00.936774 [debug] [MainThread]: On debug: Close
[0m20:42:00.936774 [info ] [MainThread]:   Connection test: [[32mOK connection ok[0m]

[0m20:42:00.937757 [info ] [MainThread]: [31m1 check failed:[0m
[0m20:42:00.938761 [info ] [MainThread]: Project loading failed for the following reason:
 project path <C:\Users\IIsra\car-rental-data-platform\dbt_project.yml> not found

[0m20:42:00.940799 [debug] [MainThread]: Command `dbt debug` failed at 20:42:00.940799 after 1.53 seconds
[0m20:42:00.940799 [debug] [MainThread]: Connection 'debug' was properly closed.
[0m20:42:00.941762 [debug] [MainThread]: Sending event: {'category': 'dbt', 'action': 'invocation', 'label': 'end', 'context': [<snowplow_tracker.self_describing_json.SelfDescribingJson object at 0x00000211445C7320>, <snowplow_tracker.self_describing_json.SelfDescribingJson object at 0x000002114268B5F0>, <snowplow_tracker.self_describing_json.SelfDescribingJson object at 0x0000021144B239E0>]}
[0m20:42:00.941762 [debug] [MainThread]: Flushing usage events
[0m20:42:01.659406 [debug] [MainThread]: An error was encountered while trying to flush usage events
